// Jest Snapshot v1, https://goo.gl/fbAQLP

exports[`Header renders correctly 1`] = `
<header
  className="makeStyles-header-1"
>
  <div
    className="makeStyles-header__wrap-2"
  >
    <h1
      className="makeStyles-header__heading-3"
    >
      <a
        className="makeStyles-header__link-6 makeStyles-header__linkHome-5"
        href="/"
      >
        Demo Website
      </a>
    </h1>
    <nav
      className="makeStyles-header__nav-4"
      role="main"
    >
      <a
        className="makeStyles-header__link-6"
        href="/"
      >
        Home
      </a>
      <a
        className="makeStyles-header__link-6"
        href="/app/gallery"
      >
        List View
      </a>
    </nav>
  </div>
</header>
`;
